#-----------------------------------------------------------
# Vivado v2022.2 (64-bit)
# SW Build 3671981 on Fri Oct 14 05:00:03 MDT 2022
# IP Build 3669848 on Fri Oct 14 08:30:02 MDT 2022
# Start of session at: Sat Feb  7 15:47:28 2026
# Process ID: 39376
# Current directory: D:/ECE385/Lab2/registerUnit
# Command line: vivado.exe -gui_launcher_event rodinguilauncherevent23644 D:\ECE385\Lab2\registerUnit\registerUnit.xpr
# Log file: D:/ECE385/Lab2/registerUnit/vivado.log
# Journal file: D:/ECE385/Lab2/registerUnit\vivado.jou
# Running On: DESKTOP-DBM6BK3, OS: Windows, CPU Frequency: 3893 MHz, CPU Physical cores: 12, Host memory: 33408 MB
#-----------------------------------------------------------
start_gui
open_project D:/ECE385/Lab2/registerUnit/registerUnit.xpr
open_bd_design {D:/ECE385/Lab2/registerUnit/registerUnit.srcs/sources_1/bd/computationUnit/computationUnit.bd}
update_compile_order -fileset sources_1
open_bd_design {D:/ECE385/Lab2/registerUnit/registerUnit.srcs/sources_1/bd/controlUnit/controlUnit.bd}
current_bd_design [get_bd_designs computationUnit]
close_bd_design [get_bd_designs computationUnit]
open_bd_design {D:/ECE385/Lab2/registerUnit/registerUnit.srcs/sources_1/bd/registerUnit/registerUnit.bd}
open_bd_design {D:/ECE385/Lab2/registerUnit/registerUnit.srcs/sources_1/bd/computationUnit/computationUnit.bd}
open_bd_design {D:/ECE385/Lab2/registerUnit/registerUnit.srcs/sources_1/bd/registerUnit/registerUnit.bd}
set_property location {-88 241} [get_bd_ports S0_0]
current_bd_design [get_bd_designs controlUnit]
current_bd_design [get_bd_designs registerUnit]
set_property name S0B [get_bd_ports S0_1]
set_property name S1B [get_bd_ports S1_1]
set_property location {10 378} [get_bd_ports SR_1]
delete_bd_objs [get_bd_nets SR_1_1] [get_bd_ports SR_1]
delete_bd_objs [get_bd_nets SR_0_1] [get_bd_ports SR_0]
set_property name S1A [get_bd_ports S1_0]
set_property name S0A [get_bd_ports S0_0]
current_bd_design [get_bd_designs controlUnit]
startgroup
make_bd_pins_external  [get_bd_pins ece385_7474_0/Q1]
endgroup
set_property name S [get_bd_ports Q1_0]
save_bd_design
current_bd_design [get_bd_designs registerUnit]
startgroup
make_bd_pins_external  [get_bd_pins ece385_74194_0/SR]
endgroup
set_property name S [get_bd_ports SR_0]
connect_bd_net [get_bd_ports S] [get_bd_pins ece385_74194_1/SR]
set_property location {-44 82} [get_bd_ports A_0]
set_property name DIN0 [get_bd_ports A_0]
set_property name DIN2 [get_bd_ports B_0]
set_property name DIN1 [get_bd_ports DIN2]
set_property name DIN2 [get_bd_ports C_0]
set_property name DIN3 [get_bd_ports D_0]
delete_bd_objs [get_bd_nets A_1_1] [get_bd_ports A_1]
delete_bd_objs [get_bd_nets B_1_1] [get_bd_ports B_1]
delete_bd_objs [get_bd_nets C_1_1] [get_bd_ports C_1]
delete_bd_objs [get_bd_nets D_1_1] [get_bd_ports D_1]
set_property location {-40 95} [get_bd_ports DIN0]
connect_bd_net [get_bd_ports DIN0] [get_bd_pins ece385_74194_1/A]
connect_bd_net [get_bd_ports DIN1] [get_bd_pins ece385_74194_1/B]
connect_bd_net [get_bd_ports DIN2] [get_bd_pins ece385_74194_1/C]
connect_bd_net [get_bd_ports DIN3] [get_bd_pins ece385_74194_1/D]
save_bd_design
open_bd_design {D:/ECE385/Lab2/registerUnit/registerUnit.srcs/sources_1/bd/routingUnit/routingUnit.bd}
set_property name Aout [get_bd_ports Aroutingout]
set_property name Bout [get_bd_ports Broutingout]
save_bd_design
current_bd_design [get_bd_designs registerUnit]
current_bd_design [get_bd_designs controlUnit]
delete_bd_objs [get_bd_nets ece385_7474_0_Q1] [get_bd_ports S]
save_bd_design
current_bd_design [get_bd_designs registerUnit]
set_property name Ain [get_bd_ports S]
delete_bd_objs [get_bd_nets SR_0_1]
connect_bd_net [get_bd_ports Ain] [get_bd_pins ece385_74194_0/SR]
startgroup
make_bd_pins_external  [get_bd_pins ece385_74194_1/SR]
endgroup
set_property name Bin [get_bd_ports SR_0]
regenerate_bd_layout
delete_bd_objs [get_bd_nets SR_0_1]
delete_bd_objs [get_bd_nets Ain_1]
set_property location {362 90} [get_bd_ports Ain]
set_property location {-25 324} [get_bd_ports Ain]
connect_bd_net [get_bd_ports Ain] [get_bd_pins ece385_74194_1/SR]
connect_bd_net [get_bd_ports Bin] [get_bd_pins ece385_74194_0/SR]
regenerate_bd_layout
set_property name Aout0 [get_bd_ports QA_1]
set_property name DIN [get_bd_ports DIN0]
set_property name DIN0 [get_bd_ports DIN3]
set_property name DIN3 [get_bd_ports DIN]
set_property name DIN [get_bd_ports DIN1]
set_property name DIN1 [get_bd_ports DIN2]
set_property name DIN2 [get_bd_ports DIN]
regenerate_bd_layout
set_property name Aout3 [get_bd_ports Aout0]
set_property name Aout2 [get_bd_ports QB_1]
set_property name Aout1 [get_bd_ports QC_1]
set_property name Aout0 [get_bd_ports QD_1]
set_property name Bout0 [get_bd_ports QD_0]
set_property name Bout1 [get_bd_ports QC_0]
set_property name Bout2 [get_bd_ports QB_0]
set_property name Bout3 [get_bd_ports QA_0]
save_bd_design
current_bd_design [get_bd_designs routingUnit]
current_bd_design [get_bd_designs computationUnit]
set_property name Fout [get_bd_ports f]
save_bd_design
